# Sync Verification — 20260430_110132
# duration=25s, bar=/dev/ttyUSB0, relay=/dev/ttyUSB1
# output: datasets/sync_verification/20260430_110132

→ Probing all /dev/ttyUSB* to identify bar vs relay…
  bar  = (on battery, not on USB — wireless mode)
  relay= /dev/ttyUSB0

  In wireless mode, IMU sample rate and sync are inferred from the
  relay's forwarded byte stream + camera's own frame counter.

→ Starting D455 in master mode (90 fps, 848×480 z16)…
  USB: 3.2, FW: 5.17.0.10
→ Streaming for 25 s …
  +  5.0s  cam fn=431  rate=86.09 fps  missed=1
  + 10.0s  cam fn=881  rate=87.79 fps  missed=3
  + 15.0s  cam fn=1331  rate=88.48 fps  missed=3
  + 20.0s  cam fn=1781  rate=88.73 fps  missed=5

=== SUMMARY ===

  Camera:
    frames captured     : 2223
    rate (avg / steady) : 83.42 / 89.60 fps  (target ~90)
    missed (frame-num gap): 6

  Bar ESP: ON BATTERY — STATUS lines not visible. Health inferred
           from relay forwarding rate + sync words on PC USB.

  Relay ESP:
    packets received    : 3740  (123.4 pkt/s)
    bytes recv = fwd    : 777920 = 777920  (OK)
    overruns            : 0  (must be 0)

  PC USB serial (relay output):
    sync words delivered: 26703  (= 1002.1 Hz)

  Pass / fail:
    ✅  camera_steady_rate
    ✅  espnow_success_rate
    ✅  relay_no_overruns
    ✅  relay_recv_rate
    ✅  imu_samples_delivered

  OVERALL: ✅ PASS

→ All artifacts written to: datasets/sync_verification/20260430_110132
