# Sync Verification — 20260503_121155
# duration=60s, bar=/dev/ttyUSB0, relay=/dev/ttyUSB1
# output: datasets/sync_verification/20260503_121155

→ Probing all /dev/ttyUSB* to identify bar vs relay…
  bar  = /dev/ttyUSB1
  relay= /dev/ttyUSB0

→ Resetting bar ESP for fresh counters…
→ Starting D455 in master mode (90 fps, 848×480 z16)…
  USB: 3.2, FW: 5.17.0.10
→ Streaming for 60 s …
  +  5.0s  cam fn=431  rate=86.07 fps  missed=1
  + 10.0s  cam fn=881  rate=87.87 fps  missed=2
  + 15.0s  cam fn=1331  rate=88.47 fps  missed=3
  + 20.0s  cam fn=1781  rate=88.82 fps  missed=3
  + 25.0s  cam fn=2231  rate=89.03 fps  missed=3
  + 30.0s  cam fn=2681  rate=89.11 fps  missed=5
  + 35.1s  cam fn=3131  rate=89.21 fps  missed=5
  + 40.1s  cam fn=3581  rate=89.25 fps  missed=7
  + 45.1s  cam fn=4031  rate=89.25 fps  missed=10
  + 50.1s  cam fn=4481  rate=89.29 fps  missed=11
  + 55.1s  cam fn=4931  rate=89.35 fps  missed=11

=== SUMMARY ===

  Camera:
    frames captured     : 5364
    rate (avg / steady) : 85.34 / 89.90 fps  (target ~90)
    missed (frame-num gap): 11

  Bar ESP:
    IMU samples         : 59271 (987.8 Hz)
    cam_trig detected   : 5261  (last interval rate 89.8 Hz)
    fsync_hits (IMU)    : 5318
    cam_trig vs fsync   : 57 difference  (must be ≤1)
    ESP-NOW sent / fail : 7408 / 0  (99.99% success)

  Relay ESP:
    packets received    : 9016  (123.4 pkt/s)
    bytes recv = fwd    : 1875328 = 1875328  (OK)
    overruns            : 0  (must be 0)

  PC USB serial (relay output):
    sync words delivered: 62189  (= 989.5 Hz)

  Pass / fail:
    ✅  camera_steady_rate
    ✅  espnow_success_rate
    ✅  relay_no_overruns
    ✅  relay_recv_rate
    ✅  imu_samples_delivered
    ✅  cam_trig_matches_fsync

  OVERALL: ✅ PASS

→ All artifacts written to: datasets/sync_verification/20260503_121155
