# Sync Verification — 20260429_141518
# duration=25s, bar=/dev/ttyUSB0, relay=/dev/ttyUSB1
# output: datasets/sync_verification/20260429_141518

→ Probing both ports to identify bar vs relay…
  WARN: could not unambiguously identify ports: {'/dev/ttyUSB0': '?', '/dev/ttyUSB1': '?'}
  bar  = /dev/ttyUSB0
  relay= /dev/ttyUSB1

→ Resetting bar ESP for fresh counters…
→ Starting D455 in master mode (90 fps, 848×480 z16)…
  USB: 3.2, FW: 5.17.0.10
→ Streaming for 25 s …
  +  5.0s  cam fn=431  rate=85.89 fps  missed=2
  + 10.0s  cam fn=881  rate=87.88 fps  missed=2
  + 15.0s  cam fn=1331  rate=88.48 fps  missed=3
  + 20.0s  cam fn=1781  rate=88.77 fps  missed=4

=== SUMMARY ===

  Camera:
    frames captured     : 2223
    rate                : 83.15 fps  (target ~90)
    missed (frame-num gap): 6

  Bar ESP:
    IMU samples         : 24697 (987.8 Hz)
    cam_trig detected   : 2109  (last interval rate 89.8 Hz)
    fsync_hits (IMU)    : 2111
    cam_trig vs fsync   : 2 difference  (must be ≤1)
    ESP-NOW sent / fail : 3087 / 0  (99.97% success)

  Relay ESP:
    packets received    : 61545  (104.4 pkt/s)
    bytes recv = fwd    : 12801360 = 12801360  (OK)
    overruns            : 0  (must be 0)

  PC USB serial (relay output):
    sync words delivered: 26760  (= 1001.0 Hz)

  Pass / fail:
    ❌  camera_steady_rate
    ❌  cam_trig_matches_fsync
    ✅  espnow_success_rate
    ✅  relay_no_overruns
    ✅  imu_samples_delivered

  OVERALL: ❌ FAIL

→ All artifacts written to: datasets/sync_verification/20260429_141518
